Archive member included to satisfy reference by file (symbol)

..\dependencies\rodos\build\librodos.a(globalobjects.cpp.obj)
                              build/hello_world.o (RODOS::Thread::threadList)
..\dependencies\rodos\build\librodos.a(listelement.cpp.obj)
                              build/hello_world.o (RODOS::ListElement::ListElement(RODOS::ListElement*&, char const*, void*))
..\dependencies\rodos\build\librodos.a(misc-rodos-funcs.cpp.obj)
                              ..\dependencies\rodos\build\librodos.a(listelement.cpp.obj) (RODOS::isSchedulerRunning())
..\dependencies\rodos\build\librodos.a(rodos-debug.cpp.obj)
                              build/hello_world.o (RODOS::PRINTF(char const*, ...))
..\dependencies\rodos\build\librodos.a(string_pico.cpp.obj)
                              build/hello_world.o (operator delete(void*))
..\dependencies\rodos\build\librodos.a(thread.cpp.obj)
                              ..\dependencies\rodos\build\librodos.a(misc-rodos-funcs.cpp.obj) (RODOS::schedulerRunning)
..\dependencies\rodos\build\librodos.a(timemodel.cpp.obj)
                              ..\dependencies\rodos\build\librodos.a(misc-rodos-funcs.cpp.obj) (RODOS::TimeModel::getNanoseconds())
..\dependencies\rodos\build\librodos.a(yprintf.cpp.obj)
                              ..\dependencies\rodos\build\librodos.a(rodos-debug.cpp.obj) (RODOS::Yprintf::vaprintf(char const*))
..\dependencies\rodos\build\librodos.a(hostinfos.cpp.obj)
                              ..\dependencies\rodos\build\librodos.a(misc-rodos-funcs.cpp.obj) (RODOS::getMaxIdleCntPerSecond())
..\dependencies\rodos\build\librodos.a(hw_timer.cpp.obj)
                              ..\dependencies\rodos\build\librodos.a(timemodel.cpp.obj) (RODOS::hwGetNanoseconds())
..\dependencies\rodos\build\librodos.a(syscalls.cpp.obj)
                              ..\dependencies\rodos\build\librodos.a(rodos-debug.cpp.obj) (putchar)
..\dependencies\rodos\build\librodos.a(system_stm32f4xx.c.obj)
                              ..\dependencies\rodos\build\librodos.a(hw_timer.cpp.obj) (SystemCoreClock)
..\dependencies\rodos\build\librodos.a(rodos-semaphore.cpp.obj)
                              ..\dependencies\rodos\build\librodos.a(rodos-debug.cpp.obj) (RODOS::Semaphore::Semaphore())
..\dependencies\rodos\build\librodos.a(scheduler.cpp.obj)
                              ..\dependencies\rodos\build\librodos.a(hw_timer.cpp.obj) (RODOS::isSchedulingEnabled)
..\dependencies\rodos\build\librodos.a(thread_on_hw.cpp.obj)
                              build/hello_world.o (RODOS::Thread::~Thread())
..\dependencies\rodos\build\librodos.a(stm32f4xx_dbgmcu.c.obj)
                              ..\dependencies\rodos\build\librodos.a(hw_timer.cpp.obj) (DBGMCU_Config)
..\dependencies\rodos\build\librodos.a(stm32f4xx_rcc.c.obj)
                              ..\dependencies\rodos\build\librodos.a(hw_timer.cpp.obj) (RCC_GetClocksFreq)
..\dependencies\rodos\build\librodos.a(stm32f4xx_tim.c.obj)
                              ..\dependencies\rodos\build\librodos.a(hw_timer.cpp.obj) (TIM_DeInit)
..\dependencies\rodos\build\librodos.a(call_constructors.c.obj)
                              build/hello_world.o (__dso_handle)
..\dependencies\rodos\build\librodos.a(startup_stm32f4xx.S.obj)
                              (Reset_Handler)
..\dependencies\rodos\build\librodos.a(genericIO.cpp.obj)
                              ..\dependencies\rodos\build\librodos.a(syscalls.cpp.obj) (RODOS::GenericIOInterface::suspendUntilWriteFinished(long long))
..\dependencies\rodos\build\librodos.a(globaldata.cpp.obj)
                              ..\dependencies\rodos\build\librodos.a(listelement.cpp.obj) (RODOS::isShuttingDown)
..\dependencies\rodos\build\librodos.a(main.cpp.obj)
                              ..\dependencies\rodos\build\librodos.a(hostinfos.cpp.obj) (RODOS::isHostBigEndian)
..\dependencies\rodos\build\librodos.a(main_usermain.cpp.obj)
                              ..\dependencies\rodos\build\librodos.a(main.cpp.obj) (MAIN())
..\dependencies\rodos\build\librodos.a(printfverbosity.cpp.obj)
                              ..\dependencies\rodos\build\librodos.a(rodos-debug.cpp.obj) (printfMask)
..\dependencies\rodos\build\librodos.a(timeevent.cpp.obj)
                              ..\dependencies\rodos\build\librodos.a(hw_timer.cpp.obj) (RODOS::TimeEvent::propagate(long long))
..\dependencies\rodos\build\librodos.a(topic.cpp.obj)
                              ..\dependencies\rodos\build\librodos.a(main.cpp.obj) (RODOS::defaultGatewayTopic)
..\dependencies\rodos\build\librodos.a(hal_uart.cpp.obj)
                              ..\dependencies\rodos\build\librodos.a(syscalls.cpp.obj) (RODOS::HAL_UART::putcharNoWait(unsigned char))
..\dependencies\rodos\build\librodos.a(hw_specific.cpp.obj)
                              ..\dependencies\rodos\build\librodos.a(syscalls.cpp.obj) (RODOS::uart_stdout)
..\dependencies\rodos\build\librodos.a(hw_thread.cpp.obj)
[...]
Memory Configuration

Name             Origin             Length             Attributes
FLASH            0x08000000         0x00100000         xr
RAM              0x20000000         0x00020000         xrw
CCMRAM           0x10000000         0x00010000         xrw
MEMORY_B1        0x60000000         0x00000000         xr
*default*        0x00000000         0xffffffff

Linker script and memory map

LOAD build/hello_world.o
LOAD c:/users/omen/desktop/new/floatsat/codes/obc/dependencies/add2path/gcc-arm-none-eabi/bin/../lib/gcc/arm-none-eabi/8.3.1/../../../../arm-none-eabi/lib/thumb/v7e-m/nofp\libm.a
LOAD ..\dependencies\rodos\build\librodos.a
                0x20020000                _estack = 0x20020000
                0x00001000                _Min_Heap_Size = 0x1000
                0x00000400                _Min_Stack_Size = 0x400

.isr_vector     0x08000000      0x18c
                0x08000000                . = ALIGN (0x4)
                0x08000000                _image_address = .
 *(.isr_vector)
 .isr_vector    0x08000000      0x18c ..\dependencies\rodos\build\librodos.a(startup_stm32f4xx.S.obj)
                0x08000000                g_pfnVectors
                0x0800018c                . = ALIGN (0x4)

.text           0x08000190    0x10264
                0x08000190                . = ALIGN (0x4)
 *(.text)
 .text          0x08000190       0x3c ..\dependencies\rodos\build\librodos.a(globalobjects.cpp.obj)
 .text          0x080001cc       0xd4 ..\dependencies\rodos\build\librodos.a(listelement.cpp.obj)
                0x080001cc                RODOS::ListElement::ListElement(RODOS::ListElement*&, char const*, void*)
                0x080001cc                RODOS::ListElement::ListElement(RODOS::ListElement*&, char const*, void*)
                0x08000214                RODOS::ListElement::append(RODOS::ListElement*&)
                0x08000248                RODOS::ListElement::~ListElement()
                0x08000248                RODOS::ListElement::~ListElement()
                0x08000280                RODOS::ListElement::~ListElement()
 .text          0x080002a0      0x1d0 ..\dependencies\rodos\build\librodos.a(misc-rodos-funcs.cpp.obj)
                0x080002a0                RODOS::isSchedulerRunning()
                0x080002b8                RODOS::xmalloc(unsigned int)
                0x0800033c                RODOS::nop(...)
                0x0800034a                RODOS::getCpuLoad()
 .text          0x08000470      0x348 ..\dependencies\rodos\build\librodos.a(rodos-debug.cpp.obj)
                0x08000470                RODOS::PRINTF(char const*, ...)
                0x080004e4                RODOS::PRINTF_CONDITIONAL(unsigned long, char const*, ...)
                0x08000570                RODOS::RODOS_ERROR(char const*)
                0x080005c0                RODOS::printCharsHex(char const*, void*, unsigned int)
                0x08000618                RODOS::printCharsHex_Conditional(unsigned long, char const*, void*, unsigned int)
                0x0800064c                RODOS::formatBinary(unsigned long, unsigned int, char*)
                0x080006ae                RODOS::vsnprintf(char*, unsigned int, char const*, std::__va_list)
                0x08000720                RODOS::SNPRINTF(char*, unsigned int, char const*, ...)
                0x08000750                RODOS::SPRINTF(char*, char const*, ...)
 .text          0x080007b8      0x42c ..\dependencies\rodos\build\librodos.a(string_pico.cpp.obj)
                0x080007b8                RODOS::strlen(char const*)
                0x080007f2                RODOS::strnlen(char const*, unsigned int)
                0x08000838                RODOS::strcpy(char*, char const*)
                0x08000888                RODOS::strstr(char const*, char const*)
                0x08000908                RODOS::strchr(char const*, int)
                0x0800094c                RODOS::memset(void*, char, unsigned int)
                0x08000990                RODOS::memcpy(void*, void const*, unsigned int)
                0x080009e4                RODOS::memcmp(void const*, void const*, unsigned int)
                0x08000a42                RODOS::strncpy(char*, char const*, unsigned int)
                0x08000aa2                RODOS::strcpyXXXX(char*, char const*)
                0x08000aca                RODOS::strcmp(char const*, char const*)
                0x08000b38                RODOS::strncmp(char const*, char const*, unsigned int)
                0x08000bb8                operator delete(void*)
                0x08000bcc                operator delete(void*, unsigned int)
 .text          0x08000be4       0xe0 ..\dependencies\rodos\build\librodos.a(thread.cpp.obj)
                0x08000be4                RODOS::Thread::setPeriodicBeat(long long, long long)
                0x08000c0e                RODOS::Thread::suspendUntilNextBeat()
                0x08000c80                RODOS::Thread::setPrioCurrentRunner(long)
 *fill*         0x08000cc4        0x4 
 .text          0x08000cc8      0xe60 ..\dependencies\rodos\build\librodos.a(timemodel.cpp.obj)
                0x08000cc8                RODOS::TimeModel::TimeModel()
                0x08000cc8                RODOS::TimeModel::TimeModel()
                0x08000d0c                RODOS::TimeModel::getNanoseconds()
                0x08000d1e                RODOS::TimeModel::getUTC()
                0x08000d46                RODOS::TimeModel::setDrift(double)
                0x08000d72                RODOS::TimeModel::setClockOffset(long long, long long)
                0x08000d9c                RODOS::TimeModel::setUTC(long long)
                0x08000dd6                RODOS::TimeModel::setUTCDeltaTime(long long)
                0x08000e02                RODOS::TimeModel::getUTCDeltaTime()
                0x08000e1c                RODOS::TimeModel::correctUTCDelta(long long)
                0x08000e54                RODOS::TimeModel::localTime2UTC(long long)
                0x08000ee4                RODOS::TimeModel::UTC2LocalTime(long long)
                0x08000f9c                RODOS::TimeModel::localTime2Calendar(long long, long&, long&, long&, long&, long&, double&)
                0x0800120c                RODOS::TimeModel::localTime2mjd_UTC(long long const&)
                0x08001260                RODOS::TimeModel::calendar2LocalTime(long, long, long, long, long, double)
                0x0800136c                RODOS::TimeModel::calendar2mjd_UTC(unsigned short const&, unsigned char const&, unsigned char const&, unsigned char const&, unsigned char const&, double const&)
                0x08001520                RODOS::TimeModel::mjd_UTC2calendar(double const&, unsigned short&, unsigned char&, unsigned char&, unsigned char&, unsigned char&, double&)
                0x08001878                RODOS::TimeModel::mjd_UT1fromUTC(double const&, double const&)
                0x080018c0                RODOS::TimeModel::mjd_TTfromUT1(double const&, double const&, double const&)
                0x08001930                RODOS::TimeModel::computeNextBeat(long long, long long, long long)
                0x08001a50                RODOS::TimeModel::splitTimeECSS(long long, unsigned long&, unsigned long&)
 .text          0x08001b28      0x998 ..\dependencies\rodos\build\librodos.a(yprintf.cpp.obj)
                0x08001b28                RODOS::Yprintf::vaprintf(char const*)
                0x0800243c                RODOS::xprintf(char const*, ...)
                0x08002480                RODOS::xsprintf(char*, char const*, ...)
 .text          0x080024c0       0x7c ..\dependencies\rodos\build\librodos.a(hostinfos.cpp.obj)
                0x080024c0                RODOS::getIsHostBigEndian()
                0x080024d8                RODOS::getSpeedKiloLoopsPerSecond()
                0x080024ea                RODOS::getMaxIdleCntPerSecond()
                0x08002500                RODOS::getYieldTimeOverhead()
                0x08002512                RODOS::getHostCpuArch()
                0x08002528                RODOS::getHostBasisOS()
 *fill*         0x0800253c        0x4 
 .text          0x08002540      0x460 ..\dependencies\rodos\build\librodos.a(hw_timer.cpp.obj)
                0x08002608                SysTick_Handler
                0x080026ec                RODOS::Timer::init()
                0x08002738                RODOS::Timer::start()
                0x08002788                RODOS::Timer::stop()
                0x08002794                RODOS::Timer::setInterval(long long)
                0x080027b8                TIM1_TRG_COM_TIM11_IRQHandler
                0x080027f4                RODOS::TIMx_init()
                0x080028a8                RODOS::hwGetNanoseconds()
                0x0800296c                RODOS::hwInitTime()
                0x0800298c                RODOS::hwGetAbsoluteNanoseconds()
 .text          0x080029a0      0x398 ..\dependencies\rodos\build\librodos.a(syscalls.cpp.obj)
                0x080029a0                _close
                0x080029b8                _execve
                0x080029e0                _fork
                0x080029fc                _fstat
                0x08002a1c                _getpid
                0x08002a2c                _isatty
                0x08002a42                _kill
                0x08002a68                _link
                0x08002a8c                _lseek
                0x08002aa6                _open
                0x08002ac2                _read
                0x08002adc                _sbrk
                0x08002b4c                _times
                0x08002b64                _unlink
                0x08002b88                _wait
                0x08002bac                _write
                0x08002be6                _write_r
                0x08002c08                _sbrk_r
                0x08002c22                putchar
                0x08002cb4                puts
                0x08002ce2                abort
                0x08002ce8                RODOS::sp_partition_yield()
                0x08002cf6                RODOS::FFLUSH()
                0x08002d04                RODOS::getCurrentIRQ()
                0x08002d20                UndefinedInterrupt_Handler
 .text          0x08002d38      0x340 ..\dependencies\rodos\build\librodos.a(system_stm32f4xx.c.obj)
                0x08002d38                SystemInit
                0x08002db4                SystemCoreClockUpdate
 .text          0x08003078      0x1a8 ..\dependencies\rodos\build\librodos.a(rodos-semaphore.cpp.obj)
                0x08003078                RODOS::Semaphore::Semaphore()
                0x08003078                RODOS::Semaphore::Semaphore()
                0x080030a6                RODOS::Semaphore::enter()
                0x0800316c                RODOS::Semaphore::leave()
 .text          0x08003220      0x17c ..\dependencies\rodos\build\librodos.a(scheduler.cpp.obj)
                0x08003220                RODOS::globalAtomarLock()
                0x0800323c                RODOS::globalAtomarUnlock()
                0x08003258                schedulerWrapper
                0x08003278                RODOS::Scheduler::idle()
                0x080032b8                RODOS::Scheduler::schedule()
                0x0800333c                RODOS::Scheduler::getScheduleCounter()
 *fill*         0x0800339c        0x4 
 .text          0x080033a0      0x808 ..\dependencies\rodos\build\librodos.a(thread_on_hw.cpp.obj)
                0x080033a0                RODOS::Thread::Thread(char const*, long, unsigned int)
                0x080033a0                RODOS::Thread::Thread(char const*, long, unsigned int)
                0x08003450                RODOS::Thread::initializeStack()
                0x08003498                RODOS::Thread::~Thread()
                0x08003498                RODOS::Thread::~Thread()
                0x080034f0                RODOS::Thread::~Thread()
                0x08003510                RODOS::Thread::create()
                0x08003524                RODOS::Thread::yield()
                0x08003594                RODOS::Thread::activate()
                0x080035cc                RODOS::Thread::getPriority() const
                0x080035e4                RODOS::Thread::setPriority(long)
                0x08003600                RODOS::Thread::getCurrentThread()
                0x08003618                RODOS::Thread::resume()
                0x08003650                RODOS::Thread::suspendCallerUntil(long long, void*)
                0x080036b8                RODOS::Thread::initializeThreads()
                0x08003750                RODOS::Thread::startAllThreads()
                0x0800375e                RODOS::threadStartupWrapper(RODOS::Thread*)
                0x080037a0                RODOS::Thread::getScheduleCounter()
                0x080037b2                RODOS::IdleThread::run()
                0x08003880                RODOS::IdleThread::init()
                0x0800389c                RODOS::Thread::findNextToRun(long long)
                0x08003a40                RODOS::Thread::findNextWaitingFor(void*)
                0x08003af0                RODOS::Thread::getMaxStackUsage()
 .text          0x08003ba8       0xf4 ..\dependencies\rodos\build\librodos.a(stm32f4xx_dbgmcu.c.obj)
                0x08003ba8                DBGMCU_GetREVID
                0x08003bc0                DBGMCU_GetDEVID
                0x08003bdc                DBGMCU_Config
                0x08003c1c                DBGMCU_APB1PeriphConfig
                0x08003c5c                DBGMCU_APB2PeriphConfig
 .text          0x08003c9c      0xca8 ..\dependencies\rodos\build\librodos.a(stm32f4xx_rcc.c.obj)
                0x08003c9c                RCC_DeInit
                0x08003d0c                RCC_HSEConfig
                0x08003d34                RCC_WaitForHSEStartUp
                0x08003d84                RCC_AdjustHSICalibrationValue
                0x08003dc0                RCC_HSICmd
                0x08003de0                RCC_LSEConfig
                0x08003e24                RCC_LSICmd
                0x08003e44                RCC_PLLConfig
                0x08003e84                RCC_PLLCmd
                0x08003ea4                RCC_PLLI2SConfig
                0x08003ed0                RCC_PLLI2SCmd
                0x08003ef0                RCC_PLLSAIConfig
                0x08003f24                RCC_PLLSAICmd
                0x08003f44                RCC_ClockSecuritySystemCmd
                0x08003f64                RCC_MCO1Config
                0x08003fa4                RCC_MCO2Config
                0x08003fe4                RCC_SYSCLKConfig
                0x0800401c                RCC_GetSYSCLKSource
                0x0800403c                RCC_HCLKConfig
                0x08004074                RCC_PCLK1Config
                0x080040ac                RCC_PCLK2Config
                0x080040e8                RCC_GetClocksFreq
                0x0800423c                RCC_RTCCLKConfig
                0x08004298                RCC_RTCCLKCmd
                0x080042b8                RCC_BackupResetCmd
                0x080042d8                RCC_I2SCLKConfig
                0x080042f8                RCC_SAIPLLI2SClkDivConfig
                0x08004338                RCC_SAIPLLSAIClkDivConfig
                0x08004378                RCC_SAIBlockACLKConfig
                0x080043b4                RCC_SAIBlockBCLKConfig
                0x080043f0                RCC_LTDCCLKDivConfig
                0x0800442c                RCC_TIMCLKPresConfig
                0x0800444c                RCC_AHB1PeriphClockCmd
                0x0800448c                RCC_AHB2PeriphClockCmd
                0x080044cc                RCC_AHB3PeriphClockCmd
                0x0800450c                RCC_APB1PeriphClockCmd
                0x0800454c                RCC_APB2PeriphClockCmd
                0x0800458c                RCC_AHB1PeriphResetCmd
                0x080045cc                RCC_AHB2PeriphResetCmd
                0x0800460c                RCC_AHB3PeriphResetCmd
                0x0800464c                RCC_APB1PeriphResetCmd
                0x0800468c                RCC_APB2PeriphResetCmd
                0x080046cc                RCC_AHB1PeriphClockLPModeCmd
                0x0800470c                RCC_AHB2PeriphClockLPModeCmd
                0x0800474c                RCC_AHB3PeriphClockLPModeCmd
                0x0800478c                RCC_APB1PeriphClockLPModeCmd
                0x080047cc                RCC_APB2PeriphClockLPModeCmd
                0x0800480c                RCC_ITConfig
                0x08004858                RCC_GetFlagStatus
                0x080048cc                RCC_ClearFlag
                0x080048ec                RCC_GetITStatus
                0x08004924                RCC_ClearITPendingBit
 .text          0x08004944     0x1c18 ..\dependencies\rodos\build\librodos.a(stm32f4xx_tim.c.obj)
                0x08004944                TIM_DeInit
                0x08004b04                TIM_TimeBaseInit
                0x08004bdc                TIM_TimeBaseStructInit
                0x08004c10                TIM_PrescalerConfig
                0x08004c38                TIM_CounterModeConfig
                0x08004c70                TIM_SetCounter
                0x08004c8c                TIM_SetAutoreload
                0x08004ca8                TIM_GetCounter
                0x08004cc0                TIM_GetPrescaler
                0x08004cda                TIM_UpdateDisableConfig
                0x08004d1a                TIM_UpdateRequestConfig
                0x08004d5a                TIM_ARRPreloadConfig
                0x08004d9a                TIM_SelectOnePulseMode
                0x08004dd2                TIM_SetClockDivision
                0x08004e0a                TIM_Cmd
                0x08004e4a                TIM_OC1Init
                0x08004f40                TIM_OC2Init
                0x08005050                TIM_OC3Init
                0x0800515c                TIM_OC4Init
                0x0800522c                TIM_OCStructInit
                0x08005270                TIM_SelectOCxM
                0x08005324                TIM_SetCompare1
                0x08005340                TIM_SetCompare2
                0x0800535c                TIM_SetCompare3
                0x08005378                TIM_SetCompare4
                0x08005394                TIM_ForcedOC1Config
                0x080053cc                TIM_ForcedOC2Config
                0x08005408                TIM_ForcedOC3Config
                0x08005440                TIM_ForcedOC4Config
                0x0800547c                TIM_OC1PreloadConfig
                0x080054b4                TIM_OC2PreloadConfig
                0x080054f0                TIM_OC3PreloadConfig
                0x08005528                TIM_OC4PreloadConfig
                0x08005564                TIM_OC1FastConfig
                0x0800559c                TIM_OC2FastConfig
                0x080055d8                TIM_OC3FastConfig
                0x08005610                TIM_OC4FastConfig
                0x0800564c                TIM_ClearOC1Ref
                0x08005684                TIM_ClearOC2Ref
                0x080056c0                TIM_ClearOC3Ref
                0x080056f8                TIM_ClearOC4Ref
                0x08005734                TIM_OC1PolarityConfig
                0x0800576c                TIM_OC1NPolarityConfig
                0x080057a4                TIM_OC2PolarityConfig
                0x080057e0                TIM_OC2NPolarityConfig
                0x0800581c                TIM_OC3PolarityConfig
                0x08005858                TIM_OC3NPolarityConfig
                0x08005894                TIM_OC4PolarityConfig
                0x080058d0                TIM_CCxCmd
                0x08005926                TIM_CCxNCmd
                0x0800597c                TIM_ICInit
                0x08005a24                TIM_ICStructInit
                0x08005a56                TIM_PWMIConfig
                0x08005b0e                TIM_GetCapture1
                0x08005b26                TIM_GetCapture2
                0x08005b3e                TIM_GetCapture3
                0x08005b56                TIM_GetCapture4
                0x08005b6e                TIM_SetIC1Prescaler
                0x08005ba6                TIM_SetIC2Prescaler
                0x08005be2                TIM_SetIC3Prescaler
                0x08005c1a                TIM_SetIC4Prescaler
                0x08005c56                TIM_BDTRConfig
                0x08005ca6                TIM_BDTRStructInit
                0x08005ce4                TIM_CtrlPWMOutputs
                0x08005d30                TIM_SelectCOM
                0x08005d70                TIM_CCPreloadControl
                0x08005db0                TIM_ITConfig
                0x08005df8                TIM_GenerateEvent
                0x08005e16                TIM_GetFlagStatus
                0x08005e4e                TIM_ClearFlag
                0x08005e70                TIM_GetITStatus
                0x08005ec4                TIM_ClearITPendingBit
                0x08005ee6                TIM_DMAConfig
                0x08005f10                TIM_DMACmd
                0x08005f58                TIM_SelectCCDMA
                0x08005f98                TIM_InternalClockConfig
                0x08005fbc                TIM_ITRxExternalClockConfig
                0x08005fea                TIM_TIxExternalClockConfig
                0x08006046                TIM_ETRClockMode1Config
                0x080060a4                TIM_ETRClockMode2Config
                0x080060e2                TIM_SelectInputTrigger
                0x0800611a                TIM_SelectOutputTrigger
                0x08006152                TIM_SelectSlaveMode
                0x0800618a                TIM_SelectMasterSlaveMode
                0x080061c2                TIM_ETRConfig
                0x08006216                TIM_EncoderInterfaceConfig
                0x080062ae                TIM_SelectHallSensor
                0x080062ee                TIM_RemapConfig
 .text          0x0800655c       0xa8 ..\dependencies\rodos\build\librodos.a(call_constructors.c.obj)
                0x0800655c                call_constructors
                0x080065a0                __cxa_atexit
                0x080065ba                __cxa_pure_virtual
                0x080065c0                __cxa_guard_acquire
                0x080065e8                __cxa_guard_release
 .text          0x08006604      0x1fc ..\dependencies\rodos\build\librodos.a(genericIO.cpp.obj)
                0x08006604                RODOS::GenericIOInterface::GenericIOInterface()
                0x08006604                RODOS::GenericIOInterface::GenericIOInterface()
                0x0800663c                RODOS::GenericIOInterface::suspendUntilReadFinished(long long)
                0x08006688                RODOS::GenericIOInterface::suspendUntilWriteFinished(long long)
                0x080066d4                RODOS::GenericIOInterface::suspendUntilDataReady(long long)
                0x08006720                RODOS::GenericIOInterface::upCallWriteFinished()
                0x08006760                RODOS::GenericIOInterface::upCallReadFinished()
                0x080067a2                RODOS::GenericIOInterface::upCallDataReady()
                0x080067e4                RODOS::GenericIOInterface::setIoEventReceiver(RODOS::IOEventReceiver*)
 .text          0x08006800       0x60 ..\dependencies\rodos\build\librodos.a(globaldata.cpp.obj)
                0x08006800                RODOS::getNodeNumber()
                0x08006818                RODOS::getNumberOfReceivedMsgsFromNetwork()
 .text          0x08006860      0x240 ..\dependencies\rodos\build\librodos.a(main.cpp.obj)
                0x08006860                RODOS::initSystem()
                0x080069d4                main
 .text          0x08006aa0       0x14 ..\dependencies\rodos\build\librodos.a(main_usermain.cpp.obj)
                0x08006aa0                MAIN()
 .text          0x08006ab4      0x214 ..\dependencies\rodos\build\librodos.a(timeevent.cpp.obj)
                0x08006ab4                RODOS::TimeEvent::TimeEvent(char const*)
                0x08006ab4                RODOS::TimeEvent::TimeEvent(char const*)
                0x08006b00                RODOS::TimeEvent::~TimeEvent()
                0x08006b00                RODOS::TimeEvent::~TimeEvent()
                0x08006b44                RODOS::TimeEvent::~TimeEvent()
                0x08006b64                RODOS::TimeEvent::activateAt(long long)
                0x08006b92                RODOS::TimeEvent::activatePeriodic(long long, long long)
                0x08006bbc                RODOS::TimeEvent::propagate(long long)
                0x08006c84                RODOS::TimeEvent::initAllElements()
 .text          0x08006cc8      0x438 ..\dependencies\rodos\build\librodos.a(topic.cpp.obj)
                0x08006cc8                RODOS::TopicInterface::TopicInterface(long long, unsigned int, char const*, bool)
                0x08006cc8                RODOS::TopicInterface::TopicInterface(long long, unsigned int, char const*, bool)
                0x08006d98                RODOS::TopicInterface::setTopicFilter(RODOS::TopicFilter*)
                0x08006dd4                RODOS::TopicInterface::findTopicId(unsigned long)
                0x08006e10                RODOS::TopicInterface::publish(void*, bool, RODOS::NetMsgInfo*)
                0x08006e3e                RODOS::TopicInterface::publishMsgPart(void*, unsigned int, bool, RODOS::NetMsgInfo*)
                0x08006f6c                RODOS::TopicInterface::publishFromInterrupt(void*, unsigned int)
 .text          0x08007100     0x1674 ..\dependencies\rodos\build\librodos.a(hal_uart.cpp.obj)
                0x080071a4                RODOS::ReceiveTrigger::run()
                0x08007264                RODOS::HAL_UART::HAL_UART(RODOS::UART_IDX, RODOS::GPIO_PIN, RODOS::GPIO_PIN, RODOS::GPIO_PIN, RODOS::GPIO_PIN)
                0x08007264                RODOS::HAL_UART::HAL_UART(RODOS::UART_IDX, RODOS::GPIO_PIN, RODOS::GPIO_PIN, RODOS::GPIO_PIN, RODOS::GPIO_PIN)
                0x080072f0                RODOS::HAL_UART::HAL_UART(RODOS::UART_IDX)
                0x080072f0                RODOS::HAL_UART::HAL_UART(RODOS::UART_IDX)
                0x0800746c                USART1_IRQHandler
                0x08007484                USART2_IRQHandler
                0x0800749c                USART3_IRQHandler
                0x080074b4                UART4_IRQHandler
                0x080074cc                UART5_IRQHandler
                0x080074e4                USART6_IRQHandler
                0x080074fc                DMA2_Stream7_IRQHandler
                0x08007544                DMA1_Stream6_IRQHandler
                0x0800758c                DMA1_Stream3_IRQHandler
                0x080075d4                DMA2_Stream5_IRQHandler
                0x0800761c                DMA1_Stream5_IRQHandler
                0x08007664                DMA1_Stream1_IRQHandler
                0x080076ac                RODOS::HAL_UART::init(unsigned long)
                0x080076e8                RODOS::HAL_UART::config(RODOS::UART_PARAMETER_TYPE, long)
                0x080078b8                RODOS::HAL_UART::reset()
                0x08007982                RODOS::HAL_UART::read(void*, unsigned int)
                0x08007a56                RODOS::HAL_UART::write(void const*, unsigned int)
                0x08007b46                RODOS::HAL_UART::getcharNoWait()
                0x08007bcc                RODOS::HAL_UART::putcharNoWait(unsigned char)
                0x08007c68                RODOS::HAL_UART::status(RODOS::UART_STATUS_TYPE)
                0x08007cca                RODOS::HAL_UART::isWriteFinished()
                0x08007d22                RODOS::HAL_UART::isDataReady()
                0x08007d5e                RODOS::HW_HAL_UART::initMembers(RODOS::HAL_UART*, RODOS::UART_IDX, RODOS::GPIO_PIN, RODOS::GPIO_PIN, RODOS::GPIO_PIN, RODOS::GPIO_PIN)
                0x08007dce                RODOS::HW_HAL_UART::DMAConfigure()
                0x08007f60                RODOS::HW_HAL_UART::DMAStartTransfer(void*, unsigned int)
                0x08007fb4                RODOS::HW_HAL_UART::DMAStartReceive(void*, unsigned int)
                0x08008020                RODOS::HW_HAL_UART::DMATransmitFinishedHandler()
                0x080080a8                RODOS::HW_HAL_UART::DMAReceiveFinishedHandler()
                0x08008118                RODOS::HW_HAL_UART::SendTxBufWithDMA()
                0x0800815a                RODOS::HW_HAL_UART::RceiveIntoRxBufWithDMA()
                0x080081c0                RODOS::EnableDMAClock()
                0x080081f4                RODOS::HW_HAL_UART::UARTIRQHandler()
                0x0800838a                RODOS::HW_HAL_UART::getRCC_APBxPeriph_UARTx()
                0x080083fe                RODOS::HW_HAL_UART::getGPIO_AF_UARTx()
                0x08008466                RODOS::HW_HAL_UART::getUARTx_IRQn()
                0x080084be                RODOS::HW_HAL_UART::getUARTx()
                0x08008548                RODOS::HW_HAL_UART::init(unsigned long)
                0x08008638                RODOS::HW_HAL_UART::putcharInterrupt(unsigned char)
                0x08008674                RODOS::UART_putc_interrupt(RODOS::HAL_UART*, unsigned char)
 *fill*         0x08008774        0x4 
 .text          0x08008778      0x6a0 ..\dependencies\rodos\build\librodos.a(hw_specific.cpp.obj)
                0x080087d4                RODOS::hwInit()
                0x080088fe                RODOS::hwResetAndReboot()
                0x08008914                RODOS::hwDisableInterrupts()
                0x08008924                RODOS::hwEnableInterrupts()
                0x08008934                SVC_Handler
                0x08008946                PendSV_Handler
                0x0800897e                RODOS::hwInitWatchdog(long)
                0x08008a40                RODOS::hwTriggerWatchdog()
                0x08008a4c                TIM5_ISR4LSI
                0x08008ad0                TIM5_ISR_USER
                0x08008ade                TIM5_IRQHandler
                0x08008c20                RODOS::enterSleepMode()
                0x08008c30                RODOS::deepSleepUntil(long long)
                0x08008d54                RTC_WKUP_IRQHandler
 .text          0x08008e18       0xd0 ..\dependencies\rodos\build\librodos.a(hw_thread.cpp.obj)
                0x08008e18                RODOS::hwInitContext(long*, void*)
                0x08008e7c                RODOS::startIdleThread()
                0x08008e8e                RODOS::Thread::getCurrentStackAddr()
                0x08008ea6                __asmSwitchToContext
                0x08008ec4                __asmSaveContextAndCallScheduler
 .text          0x08008ee8      0x71c ..\dependencies\rodos\build\librodos.a(stm32f4xx_dma.c.obj)
                0x08008ee8                DMA_DeInit
                0x08009090                DMA_Init
                0x08009140                DMA_StructInit
                0x080091ae                DMA_Cmd
                0x080091e6                DMA_PeriphIncOffsetSizeConfig
                0x0800921c                DMA_FlowControllerConfig
                0x08009252                DMA_SetCurrDataCounter
                0x08009270                DMA_GetCurrDataCounter
                0x0800928a                DMA_DoubleBufferModeConfig
                0x080092c8                DMA_DoubleBufferModeCmd
                0x08009300                DMA_MemoryTargetConfig
                0x0800932c                DMA_GetCurrentMemoryTarget
                0x0800935c                DMA_GetCmdStatus
                0x0800938c                DMA_GetFIFOStatus
                0x080093b0                DMA_GetFlagStatus
                0x08009428                DMA_ClearFlag
                0x08009484                DMA_ITConfig
                0x080094f8                DMA_GetITStatus
                0x080095a8                DMA_ClearITPendingBit
 .text          0x08009604      0x210 ..\dependencies\rodos\build\librodos.a(stm32f4xx_exti.c.obj)
                0x08009604                EXTI_DeInit
                0x08009638                EXTI_Init
                0x0800971c                EXTI_StructInit
                0x08009748                EXTI_GenerateSWInterrupt
                0x0800976c                EXTI_GetFlagStatus
                0x080097a0                EXTI_ClearFlag
                0x080097c0                EXTI_GetITStatus
                0x080097f4                EXTI_ClearITPendingBit
 .text          0x08009814      0x4d4 ..\dependencies\rodos\build\librodos.a(stm32f4xx_gpio.c.obj)
                0x08009814                GPIO_DeInit
                0x08009978                GPIO_Init
                0x08009a94                GPIO_StructInit
                0x08009ac8                GPIO_PinLockConfig
                0x08009b0c                GPIO_ReadInputDataBit
                0x08009b40                GPIO_ReadInputData
                0x08009b5a                GPIO_ReadOutputDataBit
                0x08009b8e                GPIO_ReadOutputData
                0x08009ba8                GPIO_SetBits
                0x08009bc6                GPIO_ResetBits
                0x08009be4                GPIO_WriteBit
                0x08009c14                GPIO_Write
                0x08009c32                GPIO_ToggleBits
                0x08009c56                GPIO_PinAFConfig
 .text          0x08009ce8       0xd0 ..\dependencies\rodos\build\librodos.a(stm32f4xx_iwdg.c.obj)
                0x08009ce8                IWDG_WriteAccessCmd
                0x08009d08                IWDG_SetPrescaler
                0x08009d28                IWDG_SetReload
                0x08009d48                IWDG_ReloadCounter
                0x08009d64                IWDG_Enable
                0x08009d80                IWDG_GetFlagStatus
 .text          0x08009db8      0x194 ..\dependencies\rodos\build\librodos.a(stm32f4xx_misc.c.obj)
                0x08009db8                NVIC_PriorityGroupConfig
                0x08009de0                NVIC_Init
                0x08009ea4                NVIC_SetVectorTable
                0x08009ed0                NVIC_SystemLPConfig
                0x08009f14                SysTick_CLKSourceConfig
 .text          0x08009f4c      0x310 ..\dependencies\rodos\build\librodos.a(stm32f4xx_pwr.c.obj)
                0x08009f4c                PWR_DeInit
                0x08009f68                PWR_BackupAccessCmd
                0x08009f88                PWR_PVDLevelConfig
                0x08009fc0                PWR_PVDCmd
                0x08009fe0                PWR_WakeUpPinCmd
                0x0800a000                PWR_BackupRegulatorCmd
                0x0800a020                PWR_MainRegulatorModeConfig
                0x0800a058                PWR_OverDriveCmd
                0x0800a078                PWR_OverDriveSWCmd
                0x0800a098                PWR_UnderDriveCmd
                0x0800a0d4                PWR_FlashPowerDownCmd
                0x0800a0f4                PWR_EnterSTOPMode
                0x0800a15c                PWR_EnterUnderDriveSTOPMode
                0x0800a1c4                PWR_EnterSTANDBYMode
                0x0800a200                PWR_GetFlagStatus
                0x0800a234                PWR_ClearFlag
 .text          0x0800a25c     0x1550 ..\dependencies\rodos\build\librodos.a(stm32f4xx_rtc.c.obj)
                0x0800a25c                RTC_DeInit
                0x0800a350                RTC_Init
                0x0800a3c8                RTC_StructInit
                0x0800a3ee                RTC_WriteProtectionCmd
                0x0800a424                RTC_EnterInitMode
                0x0800a498                RTC_ExitInitMode
                0x0800a4b8                RTC_WaitForSynchro
                0x0800a530                RTC_RefClockCmd
                0x0800a598                RTC_BypassShadowCmd
                0x0800a5e4                RTC_SetTime
                0x0800a6f8                RTC_TimeStructInit
                0x0800a724                RTC_GetTime
                0x0800a7c8                RTC_GetSubSecond
                0x0800a7f0                RTC_SetDate
                0x0800a910                RTC_DateStructInit
                0x0800a93c                RTC_GetDate
                0x0800a9d8                RTC_SetAlarm
                0x0800ab10                RTC_AlarmStructInit
                0x0800ab4e                RTC_GetAlarm
                0x0800ac30                RTC_AlarmCmd
                0x0800accc                RTC_AlarmSubSecondConfig
                0x0800ad1c                RTC_GetAlarmSubSecond
                0x0800ad58                RTC_WakeUpClockConfig
                0x0800ad9c                RTC_SetWakeUpCounter
                0x0800adcc                RTC_GetWakeUpCounter
                0x0800ade4                RTC_WakeUpCmd
                0x0800ae78                RTC_DayLightSavingConfig
                0x0800aec0                RTC_GetStoreOperation
                0x0800aedc                RTC_OutputConfig
                0x0800af24                RTC_CoarseCalibConfig
                0x0800af74                RTC_CoarseCalibCmd
                0x0800afdc                RTC_CalibOutputCmd
                0x0800b028                RTC_CalibOutputConfig
                0x0800b06c                RTC_SmoothCalibConfig
                0x0800b0f0                RTC_TimeStampCmd
                0x0800b154                RTC_GetTimeStamp
                0x0800b274                RTC_GetTimeStampSubSecond
                0x0800b28c                RTC_TamperTriggerConfig
                0x0800b2cc                RTC_TamperCmd
                0x0800b30c                RTC_TamperFilterConfig
                0x0800b33c                RTC_TamperSamplingFreqConfig
                0x0800b36c                RTC_TamperPinsPrechargeDuration
                0x0800b39c                RTC_TimeStampOnTamperDetectionCmd
                0x0800b3d8                RTC_TamperPullUpCmd
                0x0800b414                RTC_WriteBackupRegister
                0x0800b448                RTC_ReadBackupRegister
                0x0800b478                RTC_TamperPinSelection
                0x0800b4a8                RTC_TimeStampPinSelection
                0x0800b4d8                RTC_OutputTypeConfig
                0x0800b508                RTC_SynchroShiftConfig
                0x0800b5a4                RTC_ITConfig
                0x0800b620                RTC_GetFlagStatus
                0x0800b664                RTC_ClearFlag
                0x0800b694                RTC_GetITStatus
                0x0800b6fc                RTC_ClearITPendingBit
 .text          0x0800b7ac      0x970 ..\dependencies\rodos\build\librodos.a(stm32f4xx_usart.c.obj)
                0x0800b7ac                USART_DeInit
                0x0800b8c4                USART_Init
                0x0800ba38                USART_StructInit
                0x0800ba72                USART_ClockInit
                0x0800bac8                USART_ClockStructInit
                0x0800baf4                USART_Cmd
                0x0800bb34                USART_SetPrescaler
                0x0800bb6e                USART_OverSampling8Cmd
                0x0800bbb2                USART_OneBitMethodCmd
                0x0800bbf2                USART_SendData
                0x0800bc16                USART_ReceiveData
                0x0800bc36                USART_SetAddress
                0x0800bc70                USART_ReceiverWakeUpCmd
                0x0800bcb0                USART_WakeUpConfig
                0x0800bce8                USART_LINBreakDetectLengthConfig
                0x0800bd20                USART_LINCmd
                0x0800bd60                USART_SendBreak
                0x0800bd84                USART_HalfDuplexCmd
                0x0800bdc4                USART_SetGuardTime
                0x0800be00                USART_SmartCardCmd
                0x0800be40                USART_SmartCardNACKCmd
                0x0800be80                USART_IrDAConfig
                0x0800beb8                USART_IrDACmd
                0x0800bef8                USART_DMACmd
                0x0800bf40                USART_ITConfig
                0x0800bfd0                USART_GetFlagStatus
                0x0800c008                USART_ClearFlag
                0x0800c02a                USART_GetITStatus
                0x0800c0e0                USART_ClearITPendingBit
 .text          0x0800c11c      0x174 ..\dependencies\rodos\build\librodos.a(application.cpp.obj)
                0x0800c11c                RODOS::Application::Application(char const*, long)
                0x0800c11c                RODOS::Application::Application(char const*, long)
                0x0800c158                RODOS::Application::~Application()
                0x0800c158                RODOS::Application::~Application()
                0x0800c19c                RODOS::Application::~Application()
                0x0800c1bc                RODOS::Application::activate()
                0x0800c1d6                RODOS::Application::deactivate()
                0x0800c1f0                RODOS::Application::request(void*, unsigned int, void*, unsigned int)
                0x0800c20e                RODOS::Application::printApplications()
                0x0800c254                RODOS::Application::findApplication(long)
 .text          0x0800c290      0x2d8 ..\dependencies\rodos\build\librodos.a(checksumes.cpp.obj)
                0x0800c290                RODOS::checkSum(void const*, unsigned int)
                0x0800c2dc                RODOS::computeCrc(void const*, unsigned int, unsigned short)
                0x0800c35e                RODOS::CRC::CRC()
                0x0800c35e                RODOS::CRC::CRC()
                0x0800c448                RODOS::CRC::computeCRC(void const*, unsigned int, unsigned short)
                0x0800c4a0                RODOS::hash(char const*)
                0x0800c528                RODOS::checkSumXor32(unsigned long const*, unsigned int)
 .text          0x0800c568      0xbb8 ..\dependencies\rodos\build\librodos.a(hal_gpio.cpp.obj)
                0x0800c5d4                RODOS::initEXTInterrupts()
                0x0800c628                RODOS::HW_HAL_GPIO::HW_HAL_GPIO(RODOS::GPIO_PIN, unsigned char, bool)
                0x0800c628                RODOS::HW_HAL_GPIO::HW_HAL_GPIO(RODOS::GPIO_PIN, unsigned char, bool)
                0x0800c6a0                RODOS::HW_HAL_GPIO::setPinMask()
                0x0800c71a                RODOS::HW_HAL_GPIO::EXTIRQHandler()
                0x0800c768                RODOS::HW_HAL_GPIO::getGPIO_PinSource(unsigned long)
                0x0800c7a0                RODOS::HW_HAL_GPIO::getRCC_APB1Periph_GPIOx(GPIO_TypeDef*)
                0x0800c874                RODOS::HW_HAL_GPIO::getSTM32Port(RODOS::GPIO_PIN)
                0x0800c91c                RODOS::HW_HAL_GPIO::getSTM32Pin(RODOS::GPIO_PIN)
                0x0800c940                RODOS::HW_HAL_GPIO::configureAFPin(RODOS::GPIO_PIN, unsigned char)
                0x0800c9de                RODOS::HW_HAL_GPIO::resetPin(RODOS::GPIO_PIN)
                0x0800ca3c                RODOS::HAL_GPIO::HAL_GPIO(RODOS::GPIO_PIN)
                0x0800ca3c                RODOS::HAL_GPIO::HAL_GPIO(RODOS::GPIO_PIN)
                0x0800ca98                RODOS::HAL_GPIO::setPinNumber(RODOS::GPIO_PIN)
                0x0800cae0                RODOS::HAL_GPIO::init(bool, unsigned char, unsigned long)
                0x0800cb6e                RODOS::HAL_GPIO::config(RODOS::GPIO_CFG_TYPE, unsigned long)
                0x0800ccc8                RODOS::HAL_GPIO::reset()
                0x0800ccee                RODOS::HAL_GPIO::setPins(unsigned long)
                0x0800cd7e                RODOS::HAL_GPIO::readPins()
                0x0800cdf6                RODOS::HAL_GPIO::isDataReady()
                0x0800ce10                RODOS::HAL_GPIO::interruptEnable(bool)
                0x0800cf90                RODOS::HAL_GPIO::resetInterruptEventStatus()
                0x0800cfac                EXTI0_IRQHandler
                0x0800cfd0                EXTI1_IRQHandler
                0x0800cff4                EXTI2_IRQHandler
                0x0800d018                EXTI3_IRQHandler
                0x0800d03c                EXTI4_IRQHandler
                0x0800d060                EXTI9_5_IRQHandler
                0x0800d0c0                EXTI15_10_IRQHandler
 .text          0x0800d120      0x154 ..\dependencies\rodos\build\librodos.a(stm32f4xx_syscfg.c.obj)
                0x0800d120                SYSCFG_DeInit
                0x0800d13c                SYSCFG_MemoryRemapConfig
                0x0800d15c                SYSCFG_MemorySwappingBank
                0x0800d17c                SYSCFG_EXTILineConfig
                0x0800d200                SYSCFG_ETH_MediaInterfaceConfig
                0x0800d220                SYSCFG_CompensationCellCmd
                0x0800d240                SYSCFG_GetCompensationCellStatus
 .text          0x0800d274      0x378 c:/users/omen/desktop/new/floatsat/codes/obc/dependencies/add2path/gcc-arm-none-eabi/bin/../lib/gcc/arm-none-eabi/8.3.1/thumb/v7e-m/nofp\libgcc.a(_arm_addsubdf3.o)
                0x0800d274                __aeabi_drsub
                0x0800d27c                __aeabi_dsub
                0x0800d27c                __subdf3
                0x0800d280                __aeabi_dadd
                0x0800d280                __adddf3
                0x0800d4f8                __floatunsidf
                0x0800d4f8                __aeabi_ui2d
                0x0800d518                __floatsidf
                0x0800d518                __aeabi_i2d
                0x0800d53c                __aeabi_f2d
                0x0800d53c                __extendsfdf2
                0x0800d580                __floatundidf
                0x0800d580                __aeabi_ul2d
                0x0800d590                __floatdidf
                0x0800d590                __aeabi_l2d
 .text          0x0800d5ec      0x424 c:/users/omen/desktop/new/floatsat/codes/obc/dependencies/add2path/gcc-arm-none-eabi/bin/../lib/gcc/arm-none-eabi/8.3.1/thumb/v7e-m/nofp\libgcc.a(_arm_muldivdf3.o)
                0x0800d5ec                __aeabi_dmul
                0x0800d5ec                __muldf3
                0x0800d840                __divdf3
                0x0800d840                __aeabi_ddiv
 .text          0x0800da10      0x110 c:/users/omen/desktop/new/floatsat/codes/obc/dependencies/add2path/gcc-arm-none-eabi/bin/../lib/gcc/arm-none-eabi/8.3.1/thumb/v7e-m/nofp\libgcc.a(_arm_cmpdf2.o)
                0x0800da10                __gtdf2
                0x0800da10                __gedf2
                0x0800da18                __ltdf2
                0x0800da18                __ledf2
                0x0800da20                __nedf2
                0x0800da20                __eqdf2
                0x0800da20                __cmpdf2
                0x0800da9c                __aeabi_cdrcmple
                0x0800daac                __aeabi_cdcmpeq
                0x0800daac                __aeabi_cdcmple
                0x0800dabc                __aeabi_dcmpeq
                0x0800dad0                __aeabi_dcmplt
                0x0800dae4                __aeabi_dcmple
                0x0800daf8                __aeabi_dcmpge
                0x0800db0c                __aeabi_dcmpgt
 .text          0x0800db20       0x50 c:/users/omen/desktop/new/floatsat/codes/obc/dependencies/add2path/gcc-arm-none-eabi/bin/../lib/gcc/arm-none-eabi/8.3.1/thumb/v7e-m/nofp\libgcc.a(_arm_fixdfsi.o)
                0x0800db20                __aeabi_d2iz
                0x0800db20                __fixdfsi
 .text          0x0800db70       0x40 c:/users/omen/desktop/new/floatsat/codes/obc/dependencies/add2path/gcc-arm-none-eabi/bin/../lib/gcc/arm-none-eabi/8.3.1/thumb/v7e-m/nofp\libgcc.a(_arm_fixunsdfsi.o)
                0x0800db70                __aeabi_d2uiz
                0x0800db70                __fixunsdfsi
 .text          0x0800dbb0       0xa0 c:/users/omen/desktop/new/floatsat/codes/obc/dependencies/add2path/gcc-arm-none-eabi/bin/../lib/gcc/arm-none-eabi/8.3.1/thumb/v7e-m/nofp\libgcc.a(_arm_truncdfsf2.o)
                0x0800dbb0                __truncdfsf2
                0x0800dbb0                __aeabi_d2f
 .text          0x0800dc50       0xa0 c:/users/omen/desktop/new/floatsat/codes/obc/dependencies/add2path/gcc-arm-none-eabi/bin/../lib/gcc/arm-none-eabi/8.3.1/thumb/v7e-m/nofp\libgcc.a(_aeabi_ldivmod.o)
                0x0800dc50                __aeabi_ldivmod
 .text          0x0800dcf0       0x30 c:/users/omen/desktop/new/floatsat/codes/obc/dependencies/add2path/gcc-arm-none-eabi/bin/../lib/gcc/arm-none-eabi/8.3.1/thumb/v7e-m/nofp\libgcc.a(_aeabi_uldivmod.o)
                0x0800dcf0                __aeabi_uldivmod
 .text          0x0800dd20       0x34 c:/users/omen/desktop/new/floatsat/codes/obc/dependencies/add2path/gcc-arm-none-eabi/bin/../lib/gcc/arm-none-eabi/8.3.1/thumb/v7e-m/nofp\libgcc.a(_fixdfdi.o)
                0x0800dd20                __fixdfdi
                0x0800dd20                __aeabi_d2lz
 .text          0x0800dd54       0x3c c:/users/omen/desktop/new/floatsat/codes/obc/dependencies/add2path/gcc-arm-none-eabi/bin/../lib/gcc/arm-none-eabi/8.3.1/thumb/v7e-m/nofp\libgcc.a(_fixunsdfdi.o)
                0x0800dd54                __fixunsdfdi
                0x0800dd54                __aeabi_d2ulz
 .text          0x0800dd90      0x2d0 c:/users/omen/desktop/new/floatsat/codes/obc/dependencies/add2path/gcc-arm-none-eabi/bin/../lib/gcc/arm-none-eabi/8.3.1/thumb/v7e-m/nofp\libgcc.a(_udivmoddi4.o)
                0x0800dd90                __udivmoddi4
 .text          0x0800e060        0x4 c:/users/omen/desktop/new/floatsat/codes/obc/dependencies/add2path/gcc-arm-none-eabi/bin/../lib/gcc/arm-none-eabi/8.3.1/thumb/v7e-m/nofp\libgcc.a(_dvmd_tls.o)
                0x0800e060                __aeabi_idiv0
                0x0800e060                __aeabi_ldiv0
 *(.text*)
 .text._ZN5RODOS6Thread4initEv
                0x0800e064       0x12 build/hello_world.o
                0x0800e064                RODOS::Thread::init()
 *fill*         0x0800e076        0x2 
 .text._ZN5RODOS12StaticThreadILj2000EED2Ev
                0x0800e078       0x24 build/hello_world.o
                0x0800e078                RODOS::StaticThread<2000u>::~StaticThread()
                0x0800e078                RODOS::StaticThread<2000u>::~StaticThread()
 .text._ZN5RODOS12StaticThreadILj2000EED0Ev
                0x0800e09c       0x1e build/hello_world.o
                0x0800e09c                RODOS::StaticThread<2000u>::~StaticThread()
 *fill*         0x0800e0ba        0x2 
 .text._ZN10HelloWorld3runEv
                0x0800e0bc       0x1c build/hello_world.o
                0x0800e0bc                HelloWorld::run()
 .text._ZN10HelloWorldC2Ev
                0x0800e0d8       0x2c build/hello_world.o
                0x0800e0d8                HelloWorld::HelloWorld()
                0x0800e0d8                HelloWorld::HelloWorld()
 .text._ZN5RODOS12StaticThreadILj2000EEC2EPKcl
                0x0800e104       0x30 build/hello_world.o
                0x0800e104                RODOS::StaticThread<2000u>::StaticThread(char const*, long)
                0x0800e104                RODOS::StaticThread<2000u>::StaticThread(char const*, long)
 .text._ZN5RODOS6ThreadC2ILj2000EEERAT__cPKcl
                0x0800e134       0xa8 build/hello_world.o
                0x0800e134                RODOS::Thread::Thread<2000u>(char (&) [2000u], char const*, long)
                0x0800e134                RODOS::Thread::Thread<2000u>(char (&) [2000u], char const*, long)
 .text._ZN10HelloWorldD2Ev
                0x0800e1dc       0x24 build/hello_world.o
                0x0800e1dc                HelloWorld::~HelloWorld()
                0x0800e1dc                HelloWorld::~HelloWorld()
 .text._ZN10HelloWorldD0Ev
                0x0800e200       0x1e build/hello_world.o
                0x0800e200                HelloWorld::~HelloWorld()
 *fill*         0x0800e21e        0x2 
 .text._Z41__static_initialization_and_destruction_0ii
                0x0800e220       0x40 build/hello_world.o
 .text._GLOBAL__sub_I_hello_world
                0x0800e260       0x10 build/hello_world.o
 .text._ZN5RODOS10TimePointsILj20EEC2Ev
                0x0800e270       0x2a ..\dependencies\rodos\build\librodos.a(globalobjects.cpp.obj)
                0x0800e270                RODOS::TimePoints<20u>::TimePoints()
                0x0800e270                RODOS::TimePoints<20u>::TimePoints()
 .text._ZN5RODOS3NOWEv
                0x0800e29a       0x12 ..\dependencies\rodos\build\librodos.a(misc-rodos-funcs.cpp.obj)
                0x0800e29a                RODOS::NOW()
 .text._ZN5RODOS7YprintfD2Ev
                0x0800e2ac       0x20 ..\dependencies\rodos\build\librodos.a(rodos-debug.cpp.obj)
                0x0800e2ac                RODOS::Yprintf::~Yprintf()
                0x0800e2ac                RODOS::Yprintf::~Yprintf()
 .text._ZN5RODOS7YprintfD0Ev
                0x0800e2cc       0x20 ..\dependencies\rodos\build\librodos.a(rodos-debug.cpp.obj)
                0x0800e2cc                RODOS::Yprintf::~Yprintf()
 .text._ZN5RODOS7Yprintf5yputcEc
                0x0800e2ec       0x1c ..\dependencies\rodos\build\librodos.a(rodos-debug.cpp.obj)
                0x0800e2ec                RODOS::Yprintf::yputc(char)
 .text._ZN5RODOS7YprintfC2Ev
                0x0800e308       0x20 ..\dependencies\rodos\build\librodos.a(rodos-debug.cpp.obj)
                0x0800e308                RODOS::Yprintf::Yprintf()
                0x0800e308                RODOS::Yprintf::Yprintf()
 .text._ZN5RODOS9SNYprintfC2EPcj
                0x0800e328       0x3c ..\dependencies\rodos\build\librodos.a(rodos-debug.cpp.obj)
                0x0800e328                RODOS::SNYprintf::SNYprintf(char*, unsigned int)
                0x0800e328                RODOS::SNYprintf::SNYprintf(char*, unsigned int)
 .text._ZN5RODOS9SNYprintfD2Ev
                0x0800e364       0x34 ..\dependencies\rodos\build\librodos.a(rodos-debug.cpp.obj)
                0x0800e364                RODOS::SNYprintf::~SNYprintf()
                0x0800e364                RODOS::SNYprintf::~SNYprintf()
 .text._ZN5RODOS9SNYprintfD0Ev
                0x0800e398       0x20 ..\dependencies\rodos\build\librodos.a(rodos-debug.cpp.obj)
                0x0800e398                RODOS::SNYprintf::~SNYprintf()
 .text._ZN5RODOS9SNYprintf5yputcEc
                0x0800e3b8       0x42 ..\dependencies\rodos\build\librodos.a(rodos-debug.cpp.obj)
                0x0800e3b8                RODOS::SNYprintf::yputc(char)
 .text._ZN5RODOS10TimePointsILj20EE6addRawEPKcl
                0x0800e3fa       0x6a ..\dependencies\rodos\build\librodos.a(rodos-debug.cpp.obj)
                0x0800e3fa                RODOS::TimePoints<20u>::addRaw(char const*, long)
 .text._ZN5RODOS8YsprintfC2EPc
                0x0800e464       0x2c ..\dependencies\rodos\build\librodos.a(yprintf.cpp.obj)
                0x0800e464                RODOS::Ysprintf::Ysprintf(char*)
                0x0800e464                RODOS::Ysprintf::Ysprintf(char*)
 .text._ZN5RODOS8Ysprintf5yputcEc
                0x0800e490       0x32 ..\dependencies\rodos\build\librodos.a(yprintf.cpp.obj)
                0x0800e490                RODOS::Ysprintf::yputc(char)
 *fill*         0x0800e4c2        0x2 
 .text._ZN5RODOS8YsprintfD2Ev
                0x0800e4c4       0x24 ..\dependencies\rodos\build\librodos.a(yprintf.cpp.obj)
                0x0800e4c4                RODOS::Ysprintf::~Ysprintf()
                0x0800e4c4                RODOS::Ysprintf::~Ysprintf()
 .text._ZN5RODOS8YsprintfD0Ev
                0x0800e4e8       0x20 ..\dependencies\rodos\build\librodos.a(yprintf.cpp.obj)
                0x0800e4e8                RODOS::Ysprintf::~Ysprintf()
 .text._ZN5RODOS13ScopePriorityC2El
                0x0800e508       0x20 ..\dependencies\rodos\build\librodos.a(rodos-semaphore.cpp.obj)
                0x0800e508                RODOS::ScopePriority::ScopePriority(long)
                0x0800e508                RODOS::ScopePriority::ScopePriority(long)
 .text._ZN5RODOS13ScopePriorityD2Ev
                0x0800e528       0x1c ..\dependencies\rodos\build\librodos.a(rodos-semaphore.cpp.obj)
                0x0800e528                RODOS::ScopePriority::~ScopePriority()
                0x0800e528                RODOS::ScopePriority::~ScopePriority()
 .text._ZNK5RODOS11ListElement7getNextEv
                0x0800e544       0x18 ..\dependencies\rodos\build\librodos.a(thread_on_hw.cpp.obj)
                0x0800e544                RODOS::ListElement::getNext() const
 .text._ZNK5RODOS11ListElement7getNameEv
                0x0800e55c       0x18 ..\dependencies\rodos\build\librodos.a(thread_on_hw.cpp.obj)
                0x0800e55c                RODOS::ListElement::getName() const
 .text._ZN5RODOS10IdleThreadC2Ev
                0x0800e574       0x2c ..\dependencies\rodos\build\librodos.a(thread_on_hw.cpp.obj)
                0x0800e574                RODOS::IdleThread::IdleThread()
                0x0800e574                RODOS::IdleThread::IdleThread()
 .text._ZN5RODOS7earlierExx
                0x0800e5a0       0x34 ..\dependencies\rodos\build\librodos.a(thread_on_hw.cpp.obj)
                0x0800e5a0                RODOS::earlier(long long, long long)
 .text._ZN5RODOS10IdleThreadD2Ev
                0x0800e5d4       0x24 ..\dependencies\rodos\build\librodos.a(thread_on_hw.cpp.obj)
                0x0800e5d4                RODOS::IdleThread::~IdleThread()
                0x0800e5d4                RODOS::IdleThread::~IdleThread()
 .text._ZN5RODOS10IdleThreadD0Ev
                0x0800e5f8       0x22 ..\dependencies\rodos\build\librodos.a(thread_on_hw.cpp.obj)
                0x0800e5f8                RODOS::IdleThread::~IdleThread()
 *fill*         0x0800e61a        0x2 
 .text.Reset_Handler
                0x0800e61c       0x60 ..\dependencies\rodos\build\librodos.a(startup_stm32f4xx.S.obj)
                0x0800e61c                Reset_Handler
 .text.Default_Handler
                0x0800e67c        0x6 ..\dependencies\rodos\build\librodos.a(startup_stm32f4xx.S.obj)
                0x0800e67c                RTC_Alarm_IRQHandler
                0x0800e67c                HASH_RNG_IRQHandler
                0x0800e67c                TIM8_CC_IRQHandler
                0x0800e67c                DebugMon_Handler
                0x0800e67c                TIM1_CC_IRQHandler
                0x0800e67c                HardFault_Handler
                0x0800e67c                PVD_IRQHandler
                0x0800e67c                SDIO_IRQHandler
                0x0800e67c                TAMP_STAMP_IRQHandler
                0x0800e67c                NMI_Handler
                0x0800e67c                CAN2_RX1_IRQHandler
                0x0800e67c                TIM8_TRG_COM_TIM14_IRQHandler
                0x0800e67c                TIM1_UP_TIM10_IRQHandler
                0x0800e67c                TIM8_UP_TIM13_IRQHandler
                0x0800e67c                I2C3_ER_IRQHandler
                0x0800e67c                I2C2_EV_IRQHandler
                0x0800e67c                DMA1_Stream2_IRQHandler
                0x0800e67c                CAN1_RX0_IRQHandler
                0x0800e67c                FPU_IRQHandler
                0x0800e67c                OTG_HS_WKUP_IRQHandler
                0x0800e67c                UsageFault_Handler
                0x0800e67c                CAN2_SCE_IRQHandler
                0x0800e67c                DMA2_Stream2_IRQHandler
                0x0800e67c                SPI1_IRQHandler
                0x0800e67c                TIM6_DAC_IRQHandler
                0x0800e67c                TIM1_BRK_TIM9_IRQHandler
                0x0800e67c                DCMI_IRQHandler
                0x0800e67c                CAN2_RX0_IRQHandler
                0x0800e67c                DMA2_Stream3_IRQHandler
                0x0800e67c                CRYP_IRQHandler
                0x0800e67c                CAN1_RX1_IRQHandler
                0x0800e67c                DMA2_Stream0_IRQHandler
                0x0800e67c                TIM4_IRQHandler
                0x0800e67c                I2C1_EV_IRQHandler
                0x0800e67c                TIM3_IRQHandler
                0x0800e67c                RCC_IRQHandler
                0x0800e67c                TIM8_BRK_TIM12_IRQHandler
                0x0800e67c                Default_Handler
                0x0800e67c                ADC_IRQHandler
                0x0800e67c                DMA1_Stream7_IRQHandler
                0x0800e67c                TIM7_IRQHandler
                0x0800e67c                CAN2_TX_IRQHandler
                0x0800e67c                I2C3_EV_IRQHandler
                0x0800e67c                ETH_WKUP_IRQHandler
                0x0800e67c                SPI2_IRQHandler
                0x0800e67c                OTG_HS_EP1_IN_IRQHandler
                0x0800e67c                MemManage_Handler
                0x0800e67c                DMA1_Stream0_IRQHandler
                0x0800e67c                CAN1_TX_IRQHandler
                0x0800e67c                FSMC_IRQHandler
                0x0800e67c                ETH_IRQHandler
                0x0800e67c                OTG_HS_EP1_OUT_IRQHandler
                0x0800e67c                WWDG_IRQHandler
                0x0800e67c                TIM2_IRQHandler
                0x0800e67c                OTG_FS_WKUP_IRQHandler
                0x0800e67c                OTG_HS_IRQHandler
                0x0800e67c                I2C2_ER_IRQHandler
                0x0800e67c                DMA2_Stream1_IRQHandler
                0x0800e67c                CAN1_SCE_IRQHandler
                0x0800e67c                FLASH_IRQHandler
                0x0800e67c                DMA2_Stream4_IRQHandler
                0x0800e67c                BusFault_Handler
                0x0800e67c                OTG_FS_IRQHandler
                0x0800e67c                SPI3_IRQHandler
                0x0800e67c                DMA1_Stream4_IRQHandler
                0x0800e67c                I2C1_ER_IRQHandler
                0x0800e67c                DMA2_Stream6_IRQHandler
 .text._ZN5RODOS18GenericIOInterface14isReadFinishedEv
                0x0800e682       0x16 ..\dependencies\rodos\build\librodos.a(genericIO.cpp.obj)
                0x0800e682                RODOS::GenericIOInterface::isReadFinished()
 .text._ZN5RODOS18GenericIOInterface11isDataReadyEv
                0x0800e698       0x16 ..\dependencies\rodos\build\librodos.a(genericIO.cpp.obj)
                0x0800e698                RODOS::GenericIOInterface::isDataReady()
 .text._ZN5RODOS9TimeEvent6handleEv
                0x0800e6ae       0x14 ..\dependencies\rodos\build\librodos.a(timeevent.cpp.obj)
                0x0800e6ae                RODOS::TimeEvent::handle()
 .text._ZN5RODOS9TimeEvent4initEv
                0x0800e6c2       0x14 ..\dependencies\rodos\build\librodos.a(timeevent.cpp.obj)
                0x0800e6c2                RODOS::TimeEvent::init()
 *fill*         0x0800e6d6        0x2 
 .text._ZN5RODOS14TopicInterfaceD2Ev
                0x0800e6d8       0x44 ..\dependencies\rodos\build\librodos.a(topic.cpp.obj)
                0x0800e6d8                RODOS::TopicInterface::~TopicInterface()
                0x0800e6d8                RODOS::TopicInterface::~TopicInterface()
 .text._ZN5RODOS14TopicInterfaceD0Ev
                0x0800e71c       0x20 ..\dependencies\rodos\build\librodos.a(topic.cpp.obj)
                0x0800e71c                RODOS::TopicInterface::~TopicInterface()
 .text._ZN5RODOS5TopicINS_13GenericMsgRefEEC2ExPKcb
                0x0800e73c       0x38 ..\dependencies\rodos\build\librodos.a(topic.cpp.obj)
                0x0800e73c                RODOS::Topic<RODOS::GenericMsgRef>::Topic(long long, char const*, bool)
                0x0800e73c                RODOS::Topic<RODOS::GenericMsgRef>::Topic(long long, char const*, bool)
 .text._ZN5RODOS5TopicINS_14NetworkMessageEEC2ExPKcb
                0x0800e774       0x3c ..\dependencies\rodos\build\librodos.a(topic.cpp.obj)
                0x0800e774                RODOS::Topic<RODOS::NetworkMessage>::Topic(long long, char const*, bool)
                0x0800e774                RODOS::Topic<RODOS::NetworkMessage>::Topic(long long, char const*, bool)
 .text._ZN5RODOS5TopicIPvEC2ExPKcb
                0x0800e7b0       0x38 ..\dependencies\rodos\build\librodos.a(topic.cpp.obj)
                0x0800e7b0                RODOS::Topic<void*>::Topic(long long, char const*, bool)
                0x0800e7b0                RODOS::Topic<void*>::Topic(long long, char const*, bool)
 .text._ZN5RODOS5TopicIPvED2Ev
                0x0800e7e8       0x44 ..\dependencies\rodos\build\librodos.a(topic.cpp.obj)
                0x0800e7e8                RODOS::Topic<void*>::~Topic()
                0x0800e7e8                RODOS::Topic<void*>::~Topic()
 .text._ZN5RODOS5TopicIPvED0Ev
                0x0800e82c       0x20 ..\dependencies\rodos\build\librodos.a(topic.cpp.obj)
                0x0800e82c                RODOS::Topic<void*>::~Topic()
 .text._ZN5RODOS5TopicINS_14NetworkMessageEED2Ev
                0x0800e84c       0x44 ..\dependencies\rodos\build\librodos.a(topic.cpp.obj)
                0x0800e84c                RODOS::Topic<RODOS::NetworkMessage>::~Topic()
                0x0800e84c                RODOS::Topic<RODOS::NetworkMessage>::~Topic()
 .text._ZN5RODOS5TopicINS_14NetworkMessageEED0Ev
                0x0800e890       0x20 ..\dependencies\rodos\build\librodos.a(topic.cpp.obj)
                0x0800e890                RODOS::Topic<RODOS::NetworkMessage>::~Topic()
 .text._ZN5RODOS5TopicINS_13GenericMsgRefEED2Ev
                0x0800e8b0       0x44 ..\dependencies\rodos\build\librodos.a(topic.cpp.obj)
                0x0800e8b0                RODOS::Topic<RODOS::GenericMsgRef>::~Topic()
                0x0800e8b0                RODOS::Topic<RODOS::GenericMsgRef>::~Topic()
 .text._ZN5RODOS5TopicINS_13GenericMsgRefEED0Ev
                0x0800e8f4       0x20 ..\dependencies\rodos\build\librodos.a(topic.cpp.obj)
                0x0800e8f4                RODOS::Topic<RODOS::GenericMsgRef>::~Topic()
 .text._ZN5RODOS6PutterD2Ev
                0x0800e914       0x20 ..\dependencies\rodos\build\librodos.a(hal_uart.cpp.obj)
                0x0800e914                RODOS::Putter::~Putter()
                0x0800e914                RODOS::Putter::~Putter()
 .text._ZN5RODOS6PutterD0Ev
                0x0800e934       0x20 ..\dependencies\rodos\build\librodos.a(hal_uart.cpp.obj)
                0x0800e934                RODOS::Putter::~Putter()
 .text._ZN5RODOS6Putter10putGenericEmjPKvRKNS_10NetMsgInfoE
                0x0800e954       0x24 ..\dependencies\rodos\build\librodos.a(hal_uart.cpp.obj)
                0x0800e954                RODOS::Putter::putGeneric(unsigned long, unsigned int, void const*, RODOS::NetMsgInfo const&)
 .text._ZN5RODOS18GenericIOInterfaceD2Ev
                0x0800e978       0x20 ..\dependencies\rodos\build\librodos.a(hal_uart.cpp.obj)
                0x0800e978                RODOS::GenericIOInterface::~GenericIOInterface()
                0x0800e978                RODOS::GenericIOInterface::~GenericIOInterface()
 .text._ZN5RODOS18GenericIOInterfaceD0Ev
                0x0800e998       0x20 ..\dependencies\rodos\build\librodos.a(hal_uart.cpp.obj)
                0x0800e998                RODOS::GenericIOInterface::~GenericIOInterface()
 .text._ZN5RODOS8HAL_UARTD2Ev
                0x0800e9b8       0x24 ..\dependencies\rodos\build\librodos.a(hal_uart.cpp.obj)
                0x0800e9b8                RODOS::HAL_UART::~HAL_UART()
                0x0800e9b8                RODOS::HAL_UART::~HAL_UART()
 .text._ZN5RODOS8HAL_UARTD0Ev
                0x0800e9dc       0x20 ..\dependencies\rodos\build\librodos.a(hal_uart.cpp.obj)
                0x0800e9dc                RODOS::HAL_UART::~HAL_UART()
 .text._ZN5RODOS14ReceiveTriggerC2Ev
                0x0800e9fc       0x2c ..\dependencies\rodos\build\librodos.a(hal_uart.cpp.obj)
                0x0800e9fc                RODOS::ReceiveTrigger::ReceiveTrigger()
                0x0800e9fc                RODOS::ReceiveTrigger::ReceiveTrigger()
 .text._ZN5RODOS11HW_HAL_UARTC2Ev
                0x0800ea28       0x28 ..\dependencies\rodos\build\librodos.a(hal_uart.cpp.obj)
                0x0800ea28                RODOS::HW_HAL_UART::HW_HAL_UART()
                0x0800ea28                RODOS::HW_HAL_UART::HW_HAL_UART()
 .text._ZN5RODOS4FifoIhLj256EED2Ev
                0x0800ea50       0x24 ..\dependencies\rodos\build\librodos.a(hal_uart.cpp.obj)
                0x0800ea50                RODOS::Fifo<unsigned char, 256u>::~Fifo()
                0x0800ea50                RODOS::Fifo<unsigned char, 256u>::~Fifo()
 .text._ZN5RODOS4FifoIhLj256EED0Ev
                0x0800ea74       0x22 ..\dependencies\rodos\build\librodos.a(hal_uart.cpp.obj)
                0x0800ea74                RODOS::Fifo<unsigned char, 256u>::~Fifo()
 *fill*         0x0800ea96        0x2 
 .text._ZN5RODOS9BlockFifoIhLj256EEC2Ev
                0x0800ea98       0x24 ..\dependencies\rodos\build\librodos.a(hal_uart.cpp.obj)
                0x0800ea98                RODOS::BlockFifo<unsigned char, 256u>::BlockFifo()
                0x0800ea98                RODOS::BlockFifo<unsigned char, 256u>::BlockFifo()
 .text._ZN5RODOS9BlockFifoIhLj256EE15getBufferToReadERj
                0x0800eabc       0x5e ..\dependencies\rodos\build\librodos.a(hal_uart.cpp.obj)
                0x0800eabc                RODOS::BlockFifo<unsigned char, 256u>::getBufferToRead(unsigned int&)
 .text._ZN5RODOS9BlockFifoIhLj256EE13readConcludedEj
                0x0800eb1a       0x2a ..\dependencies\rodos\build\librodos.a(hal_uart.cpp.obj)
                0x0800eb1a                RODOS::BlockFifo<unsigned char, 256u>::readConcluded(unsigned int)
 .text._ZN5RODOS9BlockFifoIhLj256EE16getBufferToWriteERj
                0x0800eb44       0x80 ..\dependencies\rodos\build\librodos.a(hal_uart.cpp.obj)
                0x0800eb44                RODOS::BlockFifo<unsigned char, 256u>::getBufferToWrite(unsigned int&)
 .text._ZN5RODOS9BlockFifoIhLj256EE14writeConcludedEj
                0x0800ebc4       0x2a ..\dependencies\rodos\build\librodos.a(hal_uart.cpp.obj)
                0x0800ebc4                RODOS::BlockFifo<unsigned char, 256u>::writeConcluded(unsigned int)
 .text._ZN5RODOS4FifoIhLj256EE3getERh
                0x0800ebee       0x66 ..\dependencies\rodos\build\librodos.a(hal_uart.cpp.obj)
                0x0800ebee                RODOS::Fifo<unsigned char, 256u>::get(unsigned char&)
 .text._ZN5RODOS4FifoIhLj256EE3putERKh
                0x0800ec54       0x66 ..\dependencies\rodos\build\librodos.a(hal_uart.cpp.obj)
                0x0800ec54                RODOS::Fifo<unsigned char, 256u>::put(unsigned char const&)
 .text._ZN5RODOS4FifoIhLj256EE15getElementCountEv
                0x0800ecba       0x3e ..\dependencies\rodos\build\librodos.a(hal_uart.cpp.obj)
                0x0800ecba                RODOS::Fifo<unsigned char, 256u>::getElementCount()
 .text._ZN5RODOS4FifoIhLj256EE7isEmptyEv
                0x0800ecf8       0x2a ..\dependencies\rodos\build\librodos.a(hal_uart.cpp.obj)
                0x0800ecf8                RODOS::Fifo<unsigned char, 256u>::isEmpty()
 *fill*         0x0800ed22        0x2 
 .text._ZN5RODOS6PutterC2Ev
                0x0800ed24       0x20 ..\dependencies\rodos\build\librodos.a(hal_uart.cpp.obj)
                0x0800ed24                RODOS::Putter::Putter()
                0x0800ed24                RODOS::Putter::Putter()
 .text._ZN5RODOS4FifoIhLj256EEC2Ev
                0x0800ed44       0x44 ..\dependencies\rodos\build\librodos.a(hal_uart.cpp.obj)
                0x0800ed44                RODOS::Fifo<unsigned char, 256u>::Fifo()
                0x0800ed44                RODOS::Fifo<unsigned char, 256u>::Fifo()
 .text._ZN5RODOS9BlockFifoIhLj256EE14advanceIndexExEjj
                0x0800ed88       0x32 ..\dependencies\rodos\build\librodos.a(hal_uart.cpp.obj)
                0x0800ed88                RODOS::BlockFifo<unsigned char, 256u>::advanceIndexEx(unsigned int, unsigned int)
 .text._ZN5RODOS4FifoIhLj256EE12advanceIndexEj
                0x0800edba       0x24 ..\dependencies\rodos\build\librodos.a(hal_uart.cpp.obj)
                0x0800edba                RODOS::Fifo<unsigned char, 256u>::advanceIndex(unsigned int)
 *fill*         0x0800edde        0x2 
 .text._ZN5RODOS9BlockFifoIhLj256EED2Ev
                0x0800ede0       0x24 ..\dependencies\rodos\build\librodos.a(hal_uart.cpp.obj)
                0x0800ede0                RODOS::BlockFifo<unsigned char, 256u>::~BlockFifo()
                0x0800ede0                RODOS::BlockFifo<unsigned char, 256u>::~BlockFifo()
 .text._ZN5RODOS9BlockFifoIhLj256EED0Ev
                0x0800ee04       0x22 ..\dependencies\rodos\build\librodos.a(hal_uart.cpp.obj)
                0x0800ee04                RODOS::BlockFifo<unsigned char, 256u>::~BlockFifo()
 *fill*         0x0800ee26        0x2 
 .text._ZN5RODOS14ReceiveTriggerD2Ev
                0x0800ee28       0x24 ..\dependencies\rodos\build\librodos.a(hal_uart.cpp.obj)
                0x0800ee28                RODOS::ReceiveTrigger::~ReceiveTrigger()
                0x0800ee28                RODOS::ReceiveTrigger::~ReceiveTrigger()
 .text._ZN5RODOS14ReceiveTriggerD0Ev
                0x0800ee4c       0x22 ..\dependencies\rodos\build\librodos.a(hal_uart.cpp.obj)
                0x0800ee4c                RODOS::ReceiveTrigger::~ReceiveTrigger()
 .text._ZN5RODOS11HW_HAL_UARTD2Ev
                0x0800ee6e       0x28 ..\dependencies\rodos\build\librodos.a(hal_uart.cpp.obj)
                0x0800ee6e                RODOS::HW_HAL_UART::~HW_HAL_UART()
                0x0800ee6e                RODOS::HW_HAL_UART::~HW_HAL_UART()
 *fill*         0x0800ee96        0x2 
 .text._ZN5RODOS4FifoIhLj256EE10putGenericEmjPKvRKNS_10NetMsgInfoE
                0x0800ee98       0x34 ..\dependencies\rodos\build\librodos.a(hal_uart.cpp.obj)
                0x0800ee98                RODOS::Fifo<unsigned char, 256u>::putGeneric(unsigned long, unsigned int, void const*, RODOS::NetMsgInfo const&)
 .text._ZN5RODOS11Application4initEv
                0x0800eecc       0x14 ..\dependencies\rodos\build\librodos.a(application.cpp.obj)
                0x0800eecc                RODOS::Application::init()
 .text._ZN5RODOS11rotateRightERt
                0x0800eee0       0x46 ..\dependencies\rodos\build\librodos.a(checksumes.cpp.obj)
                0x0800eee0                RODOS::rotateRight(unsigned short&)
 .text._ZnwjPv  0x0800ef26       0x18 ..\dependencies\rodos\build\librodos.a(hal_gpio.cpp.obj)
                0x0800ef26                operator new(unsigned int, void*)
 .text._ZN5RODOS8HAL_GPIO15isWriteFinishedEv
                0x0800ef3e       0x16 ..\dependencies\rodos\build\librodos.a(hal_gpio.cpp.obj)
                0x0800ef3e                RODOS::HAL_GPIO::isWriteFinished()
 .text._ZN5RODOS8HAL_GPIO14isReadFinishedEv
                0x0800ef54       0x16 ..\dependencies\rodos\build\librodos.a(hal_gpio.cpp.obj)
                0x0800ef54                RODOS::HAL_GPIO::isReadFinished()
 *fill*         0x0800ef6a        0x2 
 .text._ZN5RODOS8HAL_GPIOD2Ev
                0x0800ef6c       0x24 ..\dependencies\rodos\build\librodos.a(hal_gpio.cpp.obj)
                0x0800ef6c                RODOS::HAL_GPIO::~HAL_GPIO()
                0x0800ef6c                RODOS::HAL_GPIO::~HAL_GPIO()
 .text._ZN5RODOS8HAL_GPIOD0Ev
                0x0800ef90       0x20 ..\dependencies\rodos\build\librodos.a(hal_gpio.cpp.obj)
                0x0800ef90                RODOS::HAL_GPIO::~HAL_GPIO()
 .text.__aeabi_atexit
                0x0800efb0        0xc c:/users/omen/desktop/new/floatsat/codes/obc/dependencies/add2path/gcc-arm-none-eabi/bin/../lib/gcc/arm-none-eabi/8.3.1/../../../../arm-none-eabi/lib/thumb/v7e-m/nofp\libc.a(lib_a-aeabi_atexit.o)
                0x0800efb0                __aeabi_atexit
 *(.rodata)
 .rodata        0x0800efbc       0x1d build/hello_world.o
 *fill*         0x0800efd9        0x7 
 .rodata        0x0800efe0       0x57 ..\dependencies\rodos\build\librodos.a(globalobjects.cpp.obj)
 *fill*         0x0800f037        0x1 
 .rodata        0x0800f038       0xc4 ..\dependencies\rodos\build\librodos.a(listelement.cpp.obj)
                0x0800f0ec                vtable for RODOS::ListElement
 *fill*         0x0800f0fc        0x4 
 .rodata        0x0800f100      0x15a ..\dependencies\rodos\build\librodos.a(misc-rodos-funcs.cpp.obj)
 *fill*         0x0800f25a        0x6 
 .rodata        0x0800f260       0x76 ..\dependencies\rodos\build\librodos.a(rodos-debug.cpp.obj)
 *fill*         0x0800f2d6        0x2 
 .rodata        0x0800f2d8       0x96 ..\dependencies\rodos\build\librodos.a(thread.cpp.obj)
 *fill*         0x0800f36e        0x2 
 .rodata        0x0800f370      0x144 ..\dependencies\rodos\build\librodos.a(timemodel.cpp.obj)
 *fill*         0x0800f4b4        0x4 
 .rodata        0x0800f4b8      0x116 ..\dependencies\rodos\build\librodos.a(hostinfos.cpp.obj)
 *fill*         0x0800f5ce        0x2 
 .rodata        0x0800f5d0       0xae ..\dependencies\rodos\build\librodos.a(syscalls.cpp.obj)
 *fill*         0x0800f67e        0x2 
 .rodata        0x0800f680      0x204 ..\dependencies\rodos\build\librodos.a(thread_on_hw.cpp.obj)
                0x0800f854                vtable for RODOS::IdleThread
                0x0800f86c                vtable for RODOS::Thread
 *fill*         0x0800f884        0x4 
 .rodata        0x0800f888       0x70 ..\dependencies\rodos\build\librodos.a(genericIO.cpp.obj)
                0x0800f8d0                vtable for RODOS::GenericIOInterface
 .rodata        0x0800f8f8      0x276 ..\dependencies\rodos\build\librodos.a(main.cpp.obj)
 *fill*         0x0800fb6e        0x2 
 .rodata        0x0800fb70       0x17 ..\dependencies\rodos\build\librodos.a(main_usermain.cpp.obj)
 *fill*         0x0800fb87        0x1 
 .rodata        0x0800fb88       0x7c ..\dependencies\rodos\build\librodos.a(timeevent.cpp.obj)
                0x0800fbec                vtable for RODOS::TimeEvent
 *fill*         0x0800fc04        0x4 
 .rodata        0x0800fc08      0x1ca ..\dependencies\rodos\build\librodos.a(topic.cpp.obj)
 *fill*         0x0800fdd2        0x6 
 .rodata        0x0800fdd8      0x230 ..\dependencies\rodos\build\librodos.a(hal_uart.cpp.obj)
                0x0800ff68                vtable for RODOS::ReceiveTrigger
                0x0800ff80                vtable for RODOS::HAL_UART
 .rodata        0x08010008      0x106 ..\dependencies\rodos\build\librodos.a(hw_specific.cpp.obj)
 *fill*         0x0801010e        0x2 
 .rodata        0x08010110       0x48 ..\dependencies\rodos\build\librodos.a(application.cpp.obj)
                0x08010138                vtable for RODOS::Application
 .rodata        0x08010158      0x1b4 ..\dependencies\rodos\build\librodos.a(hal_gpio.cpp.obj)
                0x080102e4                vtable for RODOS::HAL_GPIO
 *(.rodata*)
 .rodata._ZTV10HelloWorld
                0x0801030c       0x18 build/hello_world.o
                0x0801030c                vtable for HelloWorld
 .rodata._ZTVN5RODOS12StaticThreadILj2000EEE
                0x08010324       0x18 build/hello_world.o
                0x08010324                vtable for RODOS::StaticThread<2000u>
 .rodata._ZTVN5RODOS9SNYprintfE
                0x0801033c       0x14 ..\dependencies\rodos\build\librodos.a(rodos-debug.cpp.obj)
                0x0801033c                vtable for RODOS::SNYprintf
 .rodata._ZTVN5RODOS7YprintfE
                0x08010350       0x14 ..\dependencies\rodos\build\librodos.a(rodos-debug.cpp.obj)
                0x08010350                vtable for RODOS::Yprintf
 .rodata._ZTVN5RODOS8YsprintfE
                0x08010364       0x14 ..\dependencies\rodos\build\librodos.a(yprintf.cpp.obj)
                0x08010364                vtable for RODOS::Ysprintf
 .rodata._ZTVN5RODOS5TopicIPvEE
                0x08010378       0x10 ..\dependencies\rodos\build\librodos.a(topic.cpp.obj)
                0x08010378                vtable for RODOS::Topic<void*>
 .rodata._ZTVN5RODOS5TopicINS_14NetworkMessageEEE
                0x08010388       0x10 ..\dependencies\rodos\build\librodos.a(topic.cpp.obj)
                0x08010388                vtable for RODOS::Topic<RODOS::NetworkMessage>
 .rodata._ZTVN5RODOS5TopicINS_13GenericMsgRefEEE
                0x08010398       0x10 ..\dependencies\rodos\build\librodos.a(topic.cpp.obj)
                0x08010398                vtable for RODOS::Topic<RODOS::GenericMsgRef>
 .rodata._ZTVN5RODOS14TopicInterfaceE
                0x080103a8       0x10 ..\dependencies\rodos\build\librodos.a(topic.cpp.obj)
                0x080103a8                vtable for RODOS::TopicInterface
 .rodata._ZTVN5RODOS9BlockFifoIhLj256EEE
                0x080103b8       0x14 ..\dependencies\rodos\build\librodos.a(hal_uart.cpp.obj)
                0x080103b8                vtable for RODOS::BlockFifo<unsigned char, 256u>
 .rodata._ZTVN5RODOS4FifoIhLj256EEE
                0x080103cc       0x14 ..\dependencies\rodos\build\librodos.a(hal_uart.cpp.obj)
                0x080103cc                vtable for RODOS::Fifo<unsigned char, 256u>
 .rodata._ZTVN5RODOS6PutterE
                0x080103e0       0x14 ..\dependencies\rodos\build\librodos.a(hal_uart.cpp.obj)
                0x080103e0                vtable for RODOS::Putter
 *(.glue_7)
 .glue_7        0x080103f4        0x0 linker stubs
 *(.glue_7t)
 .glue_7t       0x080103f4        0x0 linker stubs
 *(.eh_frame)
 *(.init)
 *(.fini)
                0x080103f4                . = ALIGN (0x4)
                0x080103f4                _etext = .

.vfp11_veneer   0x080103f4        0x0
 .vfp11_veneer  0x080103f4        0x0 linker stubs

.v4_bx          0x080103f4        0x0
 .v4_bx         0x080103f4        0x0 linker stubs

.iplt           0x080103f4        0x0
 .iplt          0x080103f4        0x0 build/hello_world.o

.ARM.extab
 *(.ARM.extab* .gnu.linkonce.armextab.*)

.ARM            0x080103f4        0x8
                0x080103f4                __exidx_start = .
 *(.ARM.exidx*)
 .ARM.exidx     0x080103f4        0x8 c:/users/omen/desktop/new/floatsat/codes/obc/dependencies/add2path/gcc-arm-none-eabi/bin/../lib/gcc/arm-none-eabi/8.3.1/thumb/v7e-m/nofp\libgcc.a(_udivmoddi4.o)
                0x080103fc                __exidx_end = .

.rel.dyn        0x080103fc        0x0
 .rel.iplt      0x080103fc        0x0 build/hello_world.o

.preinit_array  0x080103fc        0x0
                [!provide]                PROVIDE (__preinit_array_start = .)
 *(.preinit_array*)
                [!provide]                PROVIDE (__preinit_array_end = .)

.init_array     0x080103fc       0x24
                0x080103fc                PROVIDE (__init_array_start = .)
 *(SORT_BY_NAME(.init_array.*))
 *(.init_array*)
 .init_array    0x080103fc        0x4 build/hello_world.o
 .init_array    0x08010400        0x4 ..\dependencies\rodos\build\librodos.a(globalobjects.cpp.obj)
 .init_array    0x08010404        0x4 ..\dependencies\rodos\build\librodos.a(rodos-debug.cpp.obj)
 .init_array    0x08010408        0x4 ..\dependencies\rodos\build\librodos.a(timemodel.cpp.obj)
 .init_array    0x0801040c        0x4 ..\dependencies\rodos\build\librodos.a(scheduler.cpp.obj)
 .init_array    0x08010410        0x4 ..\dependencies\rodos\build\librodos.a(thread_on_hw.cpp.obj)
 .init_array    0x08010414        0x4 ..\dependencies\rodos\build\librodos.a(topic.cpp.obj)
 .init_array    0x08010418        0x4 ..\dependencies\rodos\build\librodos.a(hal_uart.cpp.obj)
 .init_array    0x0801041c        0x4 ..\dependencies\rodos\build\librodos.a(hw_specific.cpp.obj)
                0x08010420                PROVIDE (__init_array_end = .)

.fini_array     0x08010420        0x0
                [!provide]                PROVIDE (__fini_array_start = .)
 *(.fini_array*)
 *(SORT_BY_NAME(.fini_array.*))
                [!provide]                PROVIDE (__fini_array_end = .)
                0x08010420                _sidata = .

.data           0x20000000       0x5c load address 0x08010420
                0x20000000                . = ALIGN (0x4)
                0x20000000                _sdata = .
 *(.data)
 .data          0x20000000        0x4 ..\dependencies\rodos\build\librodos.a(globalobjects.cpp.obj)
                0x20000000                RODOS::rodosErrorMsg
 .data          0x20000004        0x1 ..\dependencies\rodos\build\librodos.a(rodos-debug.cpp.obj)
                0x20000004                RODOS::printErrorReports
 *fill*         0x20000005        0x3 
 .data          0x20000008        0x8 ..\dependencies\rodos\build\librodos.a(hw_timer.cpp.obj)
                0x20000008                RODOS::Timer::microsecondsInterval
 .data          0x20000010       0x14 ..\dependencies\rodos\build\librodos.a(system_stm32f4xx.c.obj)
                0x20000010                SystemCoreClock
                0x20000014                AHBPrescTable
 .data          0x20000024        0x1 ..\dependencies\rodos\build\librodos.a(scheduler.cpp.obj)
                0x20000024                RODOS::isSchedulingEnabled
 *fill*         0x20000025        0x3 
 .data          0x20000028        0x4 ..\dependencies\rodos\build\librodos.a(thread_on_hw.cpp.obj)
                0x20000028                RODOS::idlethreadP
 .data          0x2000002c       0x10 ..\dependencies\rodos\build\librodos.a(stm32f4xx_rcc.c.obj)
 .data          0x2000003c        0x4 ..\dependencies\rodos\build\librodos.a(globaldata.cpp.obj)
                0x2000003c                RODOS::myNodeNr
 .data          0x20000040        0x4 ..\dependencies\rodos\build\librodos.a(printfverbosity.cpp.obj)
                0x20000040                printfMask
 .data          0x20000044       0x18 ..\dependencies\rodos\build\librodos.a(hal_uart.cpp.obj)
                0x20000044                RODOS::UART_DMA_TxStreams
                0x20000050                RODOS::UART_DMA_RxStreams
 *(.data*)
                0x2000005c                . = ALIGN (0x4)
                0x2000005c                _edata = .

.igot.plt       0x2000005c        0x0 load address 0x0801047c
 .igot.plt      0x2000005c        0x0 build/hello_world.o
                0x2000005c                . = ALIGN (0x4)

.bss_ccram      0x10000000        0x0
                0x10000000                _sbss_ccram = .
                0x10000000                __bss_start___ccram = _sbss_ccram
 *(.bss_ccram)
                0x10000000                . = ALIGN (0x4)
                0x10000000                _ebss_ccram = .
                0x10000000                __bss_end___ccram = _ebss_ccram
                0x10000000                . = ALIGN (0x4)

.bss            0x20000060     0xccac load address 0x08010480
                0x20000060                _sbss = .
                0x20000060                __bss_start__ = _sbss
 *(.bss)
 .bss           0x20000060      0x170 ..\dependencies\rodos\build\librodos.a(globalobjects.cpp.obj)
                0x20000060                RODOS::timeAtStartup
                0x20000068                RODOS::Thread::currentThread
                0x2000006c                RODOS::Thread::threadList
                0x20000070                RODOS::TimeEvent::timeEventList
                0x20000074                RODOS::Initiator::initiatorList
                0x20000078                RODOS::Subscriber::subscriberList
                0x2000007c                RODOS::rodosErrorCounter
                0x20000080                RODOS::errorLog
 .bss           0x200001d0        0x4 ..\dependencies\rodos\build\librodos.a(listelement.cpp.obj)
                0x200001d0                RODOS::ListElement::listElementCounter
 *fill*         0x200001d4        0x4 
 .bss           0x200001d8     0xa018 ..\dependencies\rodos\build\librodos.a(misc-rodos-funcs.cpp.obj)
                0x200001d8                RODOS::xmallocBuf
 .bss           0x2000a1f0       0x10 ..\dependencies\rodos\build\librodos.a(rodos-debug.cpp.obj)
                0x2000a1f0                RODOS::printfProtector
 .bss           0x2000a200        0x1 ..\dependencies\rodos\build\librodos.a(thread.cpp.obj)
                0x2000a200                RODOS::schedulerRunning
 *fill*         0x2000a201        0x7 
 .bss           0x2000a208       0x20 ..\dependencies\rodos\build\librodos.a(timemodel.cpp.obj)
                0x2000a208                RODOS::sysTime
 .bss           0x2000a228        0x8 ..\dependencies\rodos\build\librodos.a(hw_timer.cpp.obj)
                0x2000a228                RODOS::nanoTime
 .bss           0x2000a230        0x8 ..\dependencies\rodos\build\librodos.a(syscalls.cpp.obj)
                0x2000a230                __env
 .bss           0x2000a238       0x28 ..\dependencies\rodos\build\librodos.a(scheduler.cpp.obj)
                0x2000a238                __schedulerStack__
                0x2000a240                __schedulerStackFrame__
                0x2000a248                RODOS::Scheduler::scheduleCounter
                0x2000a250                RODOS::Scheduler::preSelectedNextToRun
                0x2000a258                RODOS::Scheduler::preSelectedTime
 .bss           0x2000a260      0x828 ..\dependencies\rodos\build\librodos.a(thread_on_hw.cpp.obj)
                0x2000a260                RODOS::timeToTryAgainToSchedule
                0x2000a268                RODOS::idlethread
 .bss           0x2000aa88        0x4 ..\dependencies\rodos\build\librodos.a(call_constructors.c.obj)
                0x2000aa88                __dso_handle
 *fill*         0x2000aa8c        0x4 
 .bss           0x2000aa90       0x18 ..\dependencies\rodos\build\librodos.a(globaldata.cpp.obj)
                0x2000aa90                RODOS::isShuttingDown
                0x2000aa98                RODOS::numberOfReceivedMsgsFromNetwork
                0x2000aaa0                RODOS::idleCnt
 .bss           0x2000aaa8       0x10 ..\dependencies\rodos\build\librodos.a(main.cpp.obj)
                0x2000aaa8                RODOS::TopicInterface::topicList
                0x2000aaac                RODOS::isHostBigEndian
                0x2000aab0                main_argc
                0x2000aab4                main_argv
 .bss           0x2000aab8      0x10c ..\dependencies\rodos\build\librodos.a(topic.cpp.obj)
                0x2000aad4                RODOS::defaultGatewayTopic
                0x2000aafc                RODOS::defaultRouterTopic
                0x2000ab24                RODOS::interruptTimer
                0x2000ab4c                RODOS::interruptUart
                0x2000ab74                RODOS::interruptSigterm
                0x2000ab9c                RODOS::charInput
 *fill*         0x2000abc4        0x4 
 .bss           0x2000abc8     0x1891 ..\dependencies\rodos\build\librodos.a(hal_uart.cpp.obj)
                0x2000abc8                RODOS::UART_contextArray
                0x2000bc30                RODOS::enableDMATriggerThread
 *fill*         0x2000c459        0x7 
 .bss           0x2000c460       0x40 ..\dependencies\rodos\build\librodos.a(hw_specific.cpp.obj)
                0x2000c460                contextT
                0x2000c464                RODOS::uart_stdout
                0x2000c498                RODOS::deepSleepWakeupTime
 .bss           0x2000c4a0        0x4 ..\dependencies\rodos\build\librodos.a(application.cpp.obj)
                0x2000c4a0                RODOS::Application::applicationList
 .bss           0x2000c4a4       0x44 ..\dependencies\rodos\build\librodos.a(hal_gpio.cpp.obj)
                0x2000c4a8                RODOS::extInterruptLines
 *(.bss*)
 .bss.hello_world
                0x2000c4e8      0x820 build/hello_world.o
                0x2000c4e8                hello_world
 *(COMMON)
 COMMON         0x2000cd08        0x4 c:/users/omen/desktop/new/floatsat/codes/obc/dependencies/add2path/gcc-arm-none-eabi/bin/../lib/gcc/arm-none-eabi/8.3.1/../../../../arm-none-eabi/lib/thumb/v7e-m/nofp\libc.a(lib_a-reent.o)
                0x2000cd08                errno
                0x2000cd0c                . = ALIGN (0x4)
                0x2000cd0c                _ebss = .
                0x2000cd0c                __bss_end__ = _ebss

._user_heap_stack
                0x2000cd0c     0x1400 load address 0x0801d12c
                0x2000cd0c                . = ALIGN (0x4)
                [!provide]                PROVIDE (end = .)
                [!provide]                PROVIDE (_end = .)
                0x2000cd0c                PROVIDE (__heap_start__ = .)
                0x2000dd0c                . = (. + _Min_Heap_Size)
 *fill*         0x2000cd0c     0x1000 
                [!provide]                PROVIDE (__heap_end__ = .)
                0x2000e10c                . = (. + _Min_Stack_Size)
 *fill*         0x2000dd0c      0x400 
                0x2000e10c                . = ALIGN (0x4)

.memory_b1_text
 *(.mb1text)
 *(.mb1text*)
 *(.mb1rodata)
 *(.mb1rodata*)

/DISCARD/
 libc.a(*)
 libm.a(*)
 libgcc.a(*)

.ARM.attributes
                0x00000000       0x30
 *(.ARM.attributes)
 .ARM.attributes
                0x00000000       0x2e build/hello_world.o
 .ARM.attributes
                0x0000002e       0x32 ..\dependencies\rodos\build\librodos.a(globalobjects.cpp.obj)
 .ARM.attributes
                0x00000060       0x32 ..\dependencies\rodos\build\librodos.a(listelement.cpp.obj)
 .ARM.attributes